[www.mywebexpression.com/index.html]
[backblue.gif]
[fade.gif]
[index.html]
[www.mywebexpression.com/apple-touch-icon-57x57.png]
[www.mywebexpression.com/apple-touch-icon-114x114.png]
[www.mywebexpression.com/apple-touch-icon-72x72.png]
[www.mywebexpression.com/apple-touch-icon-144x144.png]
[www.mywebexpression.com/apple-touch-icon-60x60.png]
[www.mywebexpression.com/apple-touch-icon-120x120.png]
[www.mywebexpression.com/apple-touch-icon-76x76.png]
[www.mywebexpression.com/apple-touch-icon-152x152.png]
[www.mywebexpression.com/favicon-196x196.png]
[www.mywebexpression.com/favicon-160x160.png]
[www.mywebexpression.com/favicon-96x96.png]
[www.mywebexpression.com/favicon-16x16.png]
[www.mywebexpression.com/favicon-32x32.png]
[www.mywebexpression.com/mstile-144x144.png]
[maxcdn.bootstrapcdn.com/bootstrap/3.2.0/css/bootstrap.min.css]
[www.mywebexpression.com/bower_components/bootstrap-material-design/dist/css/ripples.min.css]
[www.mywebexpression.com/bower_components/bootstrap-material-design/dist/css/material-wfont.min.css]
[www.mywebexpression.com/icons/icons-material-design.css]
[www.mywebexpression.com/fonts/jonny_quest_classic.css]
[www.mywebexpression.com/bower_components/snackbarjs/dist/snackbar.min.css]
[maxcdn.bootstrapcdn.com/font-awesome/4.2.0/css/font-awesome.min.css]
[www.mywebexpression.com/skrollr.css]
[www.mywebexpression.com/main.css]
[www.mywebexpression.com/media/avatar.jpg]
[www.mywebexpression.com/media/projects/emisferosudlogo.png]
[www.mywebexpression.com/media/projects/didlogo.png]
[www.mywebexpression.com/media/projects/smartlogo.png]
[www.mywebexpression.com/media/projects/material-bootstrap.png]
[www.mywebexpression.com/media/projects/snackbarjslogo.png]
[www.mywebexpression.com/bower_components/bootstrap-material-design/scripts/ripples.js]
[code.jquery.com/jquery-1.11.1.min.js]
[www.mywebexpression.com/bower_components/bootstrap-material-design/scripts/material.js]
[www.mywebexpression.com/bower_components/snackbarjs/dist/snackbar.min.js]
[www.mywebexpression.com/3rd/jquery.hashchange.js]
[www.mywebexpression.com/3rd/skrollr.stylesheets.js]
[www.mywebexpression.com/3rd/skrollr.js]
[www.mywebexpression.com/index.html]
[maxcdn.bootstrapcdn.com/bootstrap/3.2.0/css/bootstrap.min.css]
[www.mywebexpression.com/bower_components/bootstrap-material-design/dist/css/ripples.min.css]
[www.mywebexpression.com/app.js]
[www.mywebexpression.com/bower_components/bootstrap-material-design/dist/css/material-wfont.min.css]
[www.mywebexpression.com/icons/fonts/Material-Designa69e.woff]
[www.mywebexpression.com/icons/fonts/Material-Designa69e.eot]
[www.mywebexpression.com/icons/fonts/Material-Designd41d.eot]
[www.mywebexpression.com/icons/icons-material-design.css]
[www.mywebexpression.com/icons/fonts/Material-Designa69e.svg]
[www.mywebexpression.com/icons/fonts/Material-Designa69e.ttf]
[www.mywebexpression.com/fonts/jonny_quest_classic.woff]
[www.mywebexpression.com/fonts/jonny_quest_classic.eot]
[www.mywebexpression.com/fonts/jonny_quest_classic.css]
[maxcdn.bootstrapcdn.com/font-awesome/4.2.0/css/font-awesome.min.css]
[www.mywebexpression.com/bower_components/snackbarjs/dist/snackbar.min.css]
[www.mywebexpression.com/skrollr.css]
[www.mywebexpression.com/media/bg-sunset.jpg]
[www.mywebexpression.com/fonts/jonny_quest_classic.svg]
[www.mywebexpression.com/fonts/jonny_quest_classicd41d.eot]
[www.mywebexpression.com/fonts/jonny_quest_classic.ttf]
[www.mywebexpression.com/media/bg1.png]
[www.mywebexpression.com/main.css]
[code.jquery.com/jquery-1.11.1.min.js]
[www.mywebexpression.com/icons/fonts/Material-Designa69e.svg]
[www.mywebexpression.com/fonts/jonny_quest_classic.svg]
